[0.261s] [34mcolcon[0m [1;30mDEBUG[0m [32mCommand line arguments: ['/usr/bin/colcon', 'build', '--packages-select', 'robot_ctrol_node'][0m
[0.262s] [34mcolcon[0m [1;30mDEBUG[0m [32mParsed command line arguments: Namespace(log_base=None, log_level=None, verb_name='build', build_base='build', install_base='install', merge_install=False, symlink_install=False, test_result_base=None, continue_on_error=False, executor='parallel', parallel_workers=8, event_handlers=None, ignore_user_meta=False, metas=['./colcon.meta'], base_paths=['.'], packages_ignore=None, packages_ignore_regex=None, paths=None, packages_up_to=None, packages_up_to_regex=None, packages_above=None, packages_above_and_dependencies=None, packages_above_depth=None, packages_select_by_dep=None, packages_skip_by_dep=None, packages_skip_up_to=None, packages_select_build_failed=False, packages_skip_build_finished=False, packages_select_test_failures=False, packages_skip_test_passed=False, packages_select=['robot_ctrol_node'], packages_skip=None, packages_select_regex=None, packages_skip_regex=None, packages_start=None, packages_end=None, allow_overriding=[], cmake_args=None, cmake_target=None, cmake_target_skip_unavailable=False, cmake_clean_cache=False, cmake_clean_first=False, cmake_force_configure=False, ament_cmake_args=None, catkin_cmake_args=None, catkin_skip_building_tests=False, mixin_files=None, mixin=None, verb_parser=<colcon_mixin.mixin.mixin_argument.MixinArgumentDecorator object at 0xffffa85a0820>, verb_extension=<colcon_core.verb.build.BuildVerb object at 0xffffa8573d60>, main=<bound method BuildVerb.main of <colcon_core.verb.build.BuildVerb object at 0xffffa8573d60>>, mixin_verb=('build',))[0m
[0.623s] [34mcolcon.colcon_core.package_discovery[0m [1;30mLevel 1[0m discover_packages(colcon_meta) check parameters
[0.623s] [34mcolcon.colcon_core.package_discovery[0m [1;30mLevel 1[0m discover_packages(recursive) check parameters
[0.623s] [34mcolcon.colcon_core.package_discovery[0m [1;30mLevel 1[0m discover_packages(ignore) check parameters
[0.623s] [34mcolcon.colcon_core.package_discovery[0m [1;30mLevel 1[0m discover_packages(path) check parameters
[0.623s] [34mcolcon.colcon_core.package_discovery[0m [1;30mLevel 1[0m discover_packages(colcon_meta) discover
[0.623s] [34mcolcon.colcon_core.package_discovery[0m [1;30mLevel 1[0m discover_packages(recursive) discover
[0.623s] [34mcolcon.colcon_core.package_discovery[0m [1;30mINFO[0m Crawling recursively for packages in '/home/nvidia/workplace/src/robot_ctrol_node'
[0.624s] [34mcolcon.colcon_core.package_identification[0m [1;30mLevel 1[0m _identify(.) by extensions ['ignore', 'ignore_ament_install']
[0.624s] [34mcolcon.colcon_core.package_identification[0m [1;30mLevel 1[0m _identify(.) by extension 'ignore'
[0.624s] [34mcolcon.colcon_core.package_identification[0m [1;30mLevel 1[0m _identify(.) by extension 'ignore_ament_install'
[0.624s] [34mcolcon.colcon_core.package_identification[0m [1;30mLevel 1[0m _identify(.) by extensions ['colcon_pkg']
[0.624s] [34mcolcon.colcon_core.package_identification[0m [1;30mLevel 1[0m _identify(.) by extension 'colcon_pkg'
[0.624s] [34mcolcon.colcon_core.package_identification[0m [1;30mLevel 1[0m _identify(.) by extensions ['colcon_meta']
[0.624s] [34mcolcon.colcon_core.package_identification[0m [1;30mLevel 1[0m _identify(.) by extension 'colcon_meta'
[0.624s] [34mcolcon.colcon_core.package_identification[0m [1;30mLevel 1[0m _identify(.) by extensions ['ros']
[0.624s] [34mcolcon.colcon_core.package_identification[0m [1;30mLevel 1[0m _identify(.) by extension 'ros'
[0.674s] [34mcolcon.colcon_core.package_identification[0m [1;30mDEBUG[0m [32mPackage '.' with type 'ros.ament_cmake' and name 'robot_ctrol_node'[0m
[0.674s] [34mcolcon.colcon_core.package_discovery[0m [1;30mLevel 1[0m discover_packages(recursive) using defaults
[0.675s] [34mcolcon.colcon_core.package_discovery[0m [1;30mLevel 1[0m discover_packages(ignore) discover
[0.675s] [34mcolcon.colcon_core.package_discovery[0m [1;30mLevel 1[0m discover_packages(ignore) using defaults
[0.675s] [34mcolcon.colcon_core.package_discovery[0m [1;30mLevel 1[0m discover_packages(path) discover
[0.675s] [34mcolcon.colcon_core.package_discovery[0m [1;30mLevel 1[0m discover_packages(path) using defaults
[0.705s] [34mcolcon.colcon_core.package_discovery[0m [1;30mLevel 1[0m discover_packages(prefix_path) check parameters
[0.706s] [34mcolcon.colcon_core.package_discovery[0m [1;30mLevel 1[0m discover_packages(prefix_path) discover
[0.715s] [34mcolcon.colcon_installed_package_information.package_discovery[0m [1;30mDEBUG[0m [32mFound 5 installed packages in /home/nvidia/raybot_connection_ws/install[0m
[0.718s] [34mcolcon.colcon_installed_package_information.package_discovery[0m [1;30mDEBUG[0m [32mFound 58 installed packages in /home/nvidia/ws_moveit/install[0m
[0.720s] [34mcolcon.colcon_installed_package_information.package_discovery[0m [1;30mDEBUG[0m [32mFound 23 installed packages in /home/nvidia/ws_gazebo/install[0m
[0.721s] [34mcolcon.colcon_installed_package_information.package_discovery[0m [1;30mDEBUG[0m [32mFound 5 installed packages in /home/nvidia/workplace/install[0m
[0.723s] [34mcolcon.colcon_installed_package_information.package_discovery[0m [1;30mDEBUG[0m [32mFound 373 installed packages in /opt/ros/humble[0m
[0.726s] [34mcolcon.colcon_core.package_discovery[0m [1;30mLevel 1[0m discover_packages(prefix_path) using defaults
[0.816s] [34mcolcon.colcon_core.verb[0m [1;30mLevel 5[0m set package 'robot_ctrol_node' build argument 'cmake_args' from command line to 'None'
[0.816s] [34mcolcon.colcon_core.verb[0m [1;30mLevel 5[0m set package 'robot_ctrol_node' build argument 'cmake_target' from command line to 'None'
[0.816s] [34mcolcon.colcon_core.verb[0m [1;30mLevel 5[0m set package 'robot_ctrol_node' build argument 'cmake_target_skip_unavailable' from command line to 'False'
[0.817s] [34mcolcon.colcon_core.verb[0m [1;30mLevel 5[0m set package 'robot_ctrol_node' build argument 'cmake_clean_cache' from command line to 'False'
[0.817s] [34mcolcon.colcon_core.verb[0m [1;30mLevel 5[0m set package 'robot_ctrol_node' build argument 'cmake_clean_first' from command line to 'False'
[0.817s] [34mcolcon.colcon_core.verb[0m [1;30mLevel 5[0m set package 'robot_ctrol_node' build argument 'cmake_force_configure' from command line to 'False'
[0.817s] [34mcolcon.colcon_core.verb[0m [1;30mLevel 5[0m set package 'robot_ctrol_node' build argument 'ament_cmake_args' from command line to 'None'
[0.817s] [34mcolcon.colcon_core.verb[0m [1;30mLevel 5[0m set package 'robot_ctrol_node' build argument 'catkin_cmake_args' from command line to 'None'
[0.817s] [34mcolcon.colcon_core.verb[0m [1;30mLevel 5[0m set package 'robot_ctrol_node' build argument 'catkin_skip_building_tests' from command line to 'False'
[0.817s] [34mcolcon.colcon_core.verb[0m [1;30mDEBUG[0m [32mBuilding package 'robot_ctrol_node' with the following arguments: {'ament_cmake_args': None, 'build_base': '/home/nvidia/workplace/src/robot_ctrol_node/build/robot_ctrol_node', 'catkin_cmake_args': None, 'catkin_skip_building_tests': False, 'cmake_args': None, 'cmake_clean_cache': False, 'cmake_clean_first': False, 'cmake_force_configure': False, 'cmake_target': None, 'cmake_target_skip_unavailable': False, 'install_base': '/home/nvidia/workplace/src/robot_ctrol_node/install/robot_ctrol_node', 'merge_install': False, 'path': '/home/nvidia/workplace/src/robot_ctrol_node', 'symlink_install': False, 'test_result_base': None}[0m
[0.817s] [34mcolcon.colcon_core.executor[0m [1;30mINFO[0m Executing jobs using 'parallel' executor
[0.819s] [34mcolcon.colcon_parallel_executor.executor.parallel[0m [1;30mDEBUG[0m [32mrun_until_complete[0m
[0.820s] [34mcolcon.colcon_ros.task.ament_cmake.build[0m [1;30mINFO[0m Building ROS package in '/home/nvidia/workplace/src/robot_ctrol_node' with build type 'ament_cmake'
[0.820s] [34mcolcon.colcon_cmake.task.cmake.build[0m [1;30mINFO[0m Building CMake package in '/home/nvidia/workplace/src/robot_ctrol_node'
[0.825s] [34mcolcon.colcon_core.plugin_system[0m [1;30mINFO[0m Skipping extension 'colcon_core.shell.bat': Not used on non-Windows systems
[0.825s] [34mcolcon.colcon_core.shell[0m [1;30mINFO[0m Skip shell extension 'powershell' for command environment: Not usable outside of PowerShell
[0.825s] [34mcolcon.colcon_core.shell[0m [1;30mDEBUG[0m [32mSkip shell extension 'dsv' for command environment[0m
[0.853s] [34mcolcon.colcon_core.event_handler.log_command[0m [1;30mDEBUG[0m [32mInvoking command in '/home/nvidia/workplace/src/robot_ctrol_node/build/robot_ctrol_node': CMAKE_PREFIX_PATH=${CMAKE_PREFIX_PATH}:/home/nvidia/workplace/install/modbus_server_package:/home/nvidia/raybot_connection_ws/install/raybot_connection_test:/home/nvidia/ws_moveit/install/moveit_configs_utils:/home/nvidia/ws_moveit/install/launch_param_builder:/opt/ros/humble /usr/bin/cmake /home/nvidia/workplace/src/robot_ctrol_node -DCMAKE_INSTALL_PREFIX=/home/nvidia/workplace/src/robot_ctrol_node/install/robot_ctrol_node[0m
[5.264s] [34mcolcon.colcon_core.event_handler.log_command[0m [1;30mDEBUG[0m [32mInvoked command in '/home/nvidia/workplace/src/robot_ctrol_node/build/robot_ctrol_node' returned '0': CMAKE_PREFIX_PATH=${CMAKE_PREFIX_PATH}:/home/nvidia/workplace/install/modbus_server_package:/home/nvidia/raybot_connection_ws/install/raybot_connection_test:/home/nvidia/ws_moveit/install/moveit_configs_utils:/home/nvidia/ws_moveit/install/launch_param_builder:/opt/ros/humble /usr/bin/cmake /home/nvidia/workplace/src/robot_ctrol_node -DCMAKE_INSTALL_PREFIX=/home/nvidia/workplace/src/robot_ctrol_node/install/robot_ctrol_node[0m
[5.270s] [34mcolcon.colcon_core.event_handler.log_command[0m [1;30mDEBUG[0m [32mInvoking command in '/home/nvidia/workplace/src/robot_ctrol_node/build/robot_ctrol_node': CMAKE_PREFIX_PATH=${CMAKE_PREFIX_PATH}:/home/nvidia/workplace/install/modbus_server_package:/home/nvidia/raybot_connection_ws/install/raybot_connection_test:/home/nvidia/ws_moveit/install/moveit_configs_utils:/home/nvidia/ws_moveit/install/launch_param_builder:/opt/ros/humble /usr/bin/cmake --build /home/nvidia/workplace/src/robot_ctrol_node/build/robot_ctrol_node -- -j8 -l8[0m
[48.744s] [34mcolcon.colcon_core.event_handler.log_command[0m [1;30mDEBUG[0m [32mInvoked command in '/home/nvidia/workplace/src/robot_ctrol_node/build/robot_ctrol_node' returned '0': CMAKE_PREFIX_PATH=${CMAKE_PREFIX_PATH}:/home/nvidia/workplace/install/modbus_server_package:/home/nvidia/raybot_connection_ws/install/raybot_connection_test:/home/nvidia/ws_moveit/install/moveit_configs_utils:/home/nvidia/ws_moveit/install/launch_param_builder:/opt/ros/humble /usr/bin/cmake --build /home/nvidia/workplace/src/robot_ctrol_node/build/robot_ctrol_node -- -j8 -l8[0m
[48.779s] [34mcolcon.colcon_core.event_handler.log_command[0m [1;30mDEBUG[0m [32mInvoking command in '/home/nvidia/workplace/src/robot_ctrol_node/build/robot_ctrol_node': CMAKE_PREFIX_PATH=${CMAKE_PREFIX_PATH}:/home/nvidia/workplace/install/modbus_server_package:/home/nvidia/raybot_connection_ws/install/raybot_connection_test:/home/nvidia/ws_moveit/install/moveit_configs_utils:/home/nvidia/ws_moveit/install/launch_param_builder:/opt/ros/humble /usr/bin/cmake --install /home/nvidia/workplace/src/robot_ctrol_node/build/robot_ctrol_node[0m
